python : [DISCOVERY] Aran²yor: NEW WAY (kayseri\u0307)
At line:1 char:1
+ python comprehensive_test.py > test_output.txt 2>&1; Get-Content test ...
+ ~~~~~~~~~~~~~~~~~~~~~~~~~~~~~~~~~~~~~~~~~~~~~~~~~~~
    + CategoryInfo          : NotSpecified: ([DISCOVERY] Ara...(kayseri\u0307) 
   :String) [], RemoteException
    + FullyQualifiedErrorId : NativeCommandError
 
[DISCOVERY] BAÌARILI (validated domain): http://www.newway.com.tr (score: 100.0
)
[DISCOVERY] Aran²yor: THEODOSIUS HOTEL (i\u0307stanbul)
[DISCOVERY] BAÌARILI (validated domain): https://www.theodosiushotel.com/ (scor
e: 100.0)
[DISCOVERY] Aran²yor: COFFEE BRUTUS (bursa)
[DISCOVERY] BAÌARILI (validated domain): http://www.coffeebrutus.com (score: 10
0.0)
[DISCOVERY] Aran²yor: MSA PANS¦YON (trabzon)
[DISCOVERY] Alternative domain pattern'leri deneniyor...
[DISCOVERY] BULUNAMADI: MSA PANS¦YON
[DISCOVERY] Aran²yor: MORF¦L 2 (i\u0307stanbul)
[DISCOVERY] Alternative domain pattern'leri deneniyor...
[DISCOVERY] BULUNAMADI: MORF¦L 2
[DISCOVERY] Aran²yor: ADM¦RAL OTEL¦ (mersi\u0307n)
[DISCOVERY] Alternative domain pattern'leri deneniyor...
[DISCOVERY] BULUNAMADI: ADM¦RAL OTEL¦
[DISCOVERY] Aran²yor: PEARL ISTANBUL HOUSE (i\u0307stanbul)
[DISCOVERY] Alternative domain pattern'leri deneniyor...
[DISCOVERY] BULUNAMADI: PEARL ISTANBUL HOUSE
[DISCOVERY] Aran²yor: ALEX¦A RESORT & SPA HOTEL (antalya)
[DISCOVERY] Alternative domain pattern'leri deneniyor...
[DISCOVERY] BULUNAMADI: ALEX¦A RESORT & SPA HOTEL
[DISCOVERY] Aran²yor: ¦DA LYTHOS (anakkale)
[DISCOVERY] Alternative domain pattern'leri deneniyor...
[DISCOVERY] BULUNAMADI: ¦DA LYTHOS
[DISCOVERY] Aran²yor: MARRIOTT EXECUTIVE APARTMENTS ¦STANBUL TEMA WORLD (i\u030
7stanbul)
[DISCOVERY] DDG arama hatas²: RetryError: RetryError[<Future at 0x1af53c35910 s
tate=finished raised ConnectTimeout>]
[DISCOVERY] Alternative domain pattern'leri deneniyor...
[DISCOVERY] BULUNAMADI: MARRIOTT EXECUTIVE APARTMENTS ¦STANBUL TEMA WORLD
[DISCOVERY] Aran²yor: GLOBAL EVENT COMPANY (antalya)
[DISCOVERY] DDG arama hatas²: RetryError: RetryError[<Future at 0x1af53c0b450 s
tate=finished raised ConnectTimeout>]
[DISCOVERY] Alternative domain pattern'leri deneniyor...
[DISCOVERY] BULUNAMADI: GLOBAL EVENT COMPANY
[DISCOVERY] Aran²yor: ELAZIº FAT¦H ASLANLI PANS¦YON (elazi­)
